// Jest Snapshot v1, https://goo.gl/fbAQLP

exports[`should render html properly 1`] = `
VueWrapper {
  "__app": Object {
    "_component": Object {
      "name": "VTU_ROOT",
      "render": [Function],
    },
    "_container": <div
      data-v-app=""
    >
      <form
        action=""
      >
        <div
          class="form-control"
        >
          <label
            for="firstname"
          >
            Firstname
          </label>
          <input
            id="firstname"
            type="text"
          />
        </div>
        <div
          class="form-control"
        >
          <label
            for="lastname"
          >
            LastName
          </label>
          <input
            id="lastname"
            type="text"
          />
        </div>
        <div
          class="form-control"
        >
          <label
            for="description"
          >
            Description
          </label>
          <textarea
            id="description"
            rows="5"
            type="text"
          />
        </div>
        <div
          class="form-control"
        >
          <label
            for="rate"
          >
            Hourly Rate
          </label>
          <input
            id="rate"
            type="number"
          />
        </div>
        <div
          class="form-control"
        >
          <h3>
            Areas of Expertise
          </h3>
          <div>
            <input
              id="frontend"
              type="checkbox"
              value="frontend"
            />
            <label
              for="frontend"
            >
              Frontend Developer
            </label>
          </div>
          <div>
            <input
              id="backend"
              type="checkbox"
              value="backend"
            />
            <label
              for="backend"
            >
              Backend Developer
            </label>
          </div>
          <div>
            <input
              id="machineLearning"
              type="checkbox"
              value="machineLearning"
            />
            <label
              for="machineLearning"
            >
              Machine Learning Engineer
            </label>
          </div>
        </div>
        <base-button>
          Register
        </base-button>
      </form>
    </div>,
    "_context": Object {
      "app": [Circular],
      "components": Object {
        "transition": Object {
          "name": "transition",
        },
        "transition-group": Object {
          "name": "transition-group",
        },
      },
      "config": Object {
        "compilerOptions": Object {},
        "errorHandler": undefined,
        "globalProperties": Object {},
        "isNativeTag": [Function],
        "optionMergeStrategies": Object {},
        "performance": false,
        "warnHandler": undefined,
      },
      "directives": Object {},
      "emitsCache": WeakMap {},
      "mixins": Array [
        Object {
          "beforeCreate": [Function],
        },
      ],
      "optionsCache": WeakMap {},
      "propsCache": WeakMap {},
      "provides": Object {},
      "reload": [Function],
    },
    "_instance": Object {
      "a": null,
      "accessCache": Object {},
      "appContext": Object {
        "app": [Circular],
        "components": Object {
          "transition": Object {
            "name": "transition",
          },
          "transition-group": Object {
            "name": "transition-group",
          },
        },
        "config": Object {
          "compilerOptions": Object {},
          "errorHandler": undefined,
          "globalProperties": Object {},
          "isNativeTag": [Function],
          "optionMergeStrategies": Object {},
          "performance": false,
          "warnHandler": undefined,
        },
        "directives": Object {},
        "emitsCache": WeakMap {},
        "mixins": Array [
          Object {
            "beforeCreate": [Function],
          },
        ],
        "optionsCache": WeakMap {},
        "propsCache": WeakMap {},
        "provides": Object {},
        "reload": [Function],
      },
      "asyncDep": null,
      "asyncResolved": false,
      "attrs": Object {},
      "bc": null,
      "bm": null,
      "bu": null,
      "bum": null,
      "c": null,
      "components": null,
      "ctx": Object {},
      "da": null,
      "data": Object {},
      "directives": null,
      "ec": null,
      "effect": ReactiveEffect {
        "active": true,
        "allowRecurse": true,
        "deps": Array [
          Set {
            [Circular],
          },
          Set {
            [Circular],
          },
        ],
        "fn": [Function],
        "onTrack": undefined,
        "onTrigger": undefined,
        "parent": undefined,
        "scheduler": [Function],
      },
      "emit": [Function],
      "emitsOptions": null,
      "emitted": null,
      "exposeProxy": null,
      "exposed": null,
      "inheritAttrs": undefined,
      "isDeactivated": false,
      "isMounted": true,
      "isUnmounted": false,
      "m": null,
      "next": null,
      "parent": null,
      "props": Object {},
      "propsDefaults": Object {},
      "propsOptions": Array [
        Object {},
        Array [],
      ],
      "provides": Object {},
      "proxy": Object {},
      "refs": Object {
        "VTU_COMPONENT": Object {
          "hasOwnProperty": [Function],
        },
      },
      "render": [Function],
      "renderCache": Array [],
      "root": [Circular],
      "rtc": null,
      "rtg": null,
      "scope": EffectScope {
        "active": true,
        "cleanups": Array [],
        "effects": Array [
          ReactiveEffect {
            "active": true,
            "allowRecurse": true,
            "deps": Array [
              Set {
                [Circular],
              },
              Set {
                [Circular],
              },
            ],
            "fn": [Function],
            "onTrack": undefined,
            "onTrigger": undefined,
            "parent": undefined,
            "scheduler": [Function],
          },
        ],
      },
      "setupContext": null,
      "setupState": Object {},
      "slots": Object {},
      "sp": null,
      "subTree": Object {
        "__v_isVNode": true,
        "__v_skip": true,
        "anchor": null,
        "appContext": null,
        "children": null,
        "component": Object {
          "a": null,
          "accessCache": Object {
            "@@__IMMUTABLE_ITERABLE__@@": 0,
            "@@__IMMUTABLE_RECORD__@@": 0,
            "_isMockFunction": 0,
            "constructor": 0,
            "hasOwnProperty": 4,
            "isVueInstance": 0,
            "toJSON": 0,
            Symbol(Symbol.toStringTag): 0,
          },
          "appContext": Object {
            "app": [Circular],
            "components": Object {
              "transition": Object {
                "name": "transition",
              },
              "transition-group": Object {
                "name": "transition-group",
              },
            },
            "config": Object {
              "compilerOptions": Object {},
              "errorHandler": undefined,
              "globalProperties": Object {},
              "isNativeTag": [Function],
              "optionMergeStrategies": Object {},
              "performance": false,
              "warnHandler": undefined,
            },
            "directives": Object {},
            "emitsCache": WeakMap {},
            "mixins": Array [
              Object {
                "beforeCreate": [Function],
              },
            ],
            "optionsCache": WeakMap {},
            "propsCache": WeakMap {},
            "provides": Object {},
            "reload": [Function],
          },
          "asyncDep": null,
          "asyncResolved": false,
          "attrs": Object {},
          "bc": null,
          "bm": null,
          "bu": null,
          "bum": null,
          "c": null,
          "components": Object {},
          "ctx": Object {
            "hasOwnProperty": [Function],
          },
          "da": null,
          "data": Object {},
          "directives": null,
          "ec": null,
          "effect": ReactiveEffect {
            "active": true,
            "allowRecurse": true,
            "deps": Array [],
            "fn": [Function],
            "onTrack": undefined,
            "onTrigger": undefined,
            "parent": undefined,
            "scheduler": [Function],
          },
          "emit": [Function],
          "emitsOptions": null,
          "emitted": null,
          "exposeProxy": null,
          "exposed": null,
          "inheritAttrs": undefined,
          "isDeactivated": false,
          "isMounted": true,
          "isUnmounted": false,
          "m": null,
          "next": null,
          "parent": [Circular],
          "props": Object {},
          "propsDefaults": Object {},
          "propsOptions": Array [
            Object {},
            Array [],
          ],
          "provides": Object {},
          "proxy": Object {
            "hasOwnProperty": [Function],
          },
          "refs": Object {},
          "render": [Function],
          "renderCache": Array [],
          "root": [Circular],
          "rtc": null,
          "rtg": null,
          "scope": EffectScope {
            "active": true,
            "cleanups": Array [],
            "effects": Array [
              ReactiveEffect {
                "active": true,
                "allowRecurse": true,
                "deps": Array [],
                "fn": [Function],
                "onTrack": undefined,
                "onTrigger": undefined,
                "parent": undefined,
                "scheduler": [Function],
              },
            ],
          },
          "setupContext": null,
          "setupState": Object {},
          "slots": Object {},
          "sp": null,
          "subTree": Object {
            "__v_isVNode": true,
            "__v_skip": true,
            "anchor": null,
            "appContext": null,
            "children": Array [
              Object {
                "__v_isVNode": true,
                "__v_skip": true,
                "anchor": <div
                  class="form-control"
                >
                  <h3>
                    Areas of Expertise
                  </h3>
                  <div>
                    <input
                      id="frontend"
                      type="checkbox"
                      value="frontend"
                    />
                    <label
                      for="frontend"
                    >
                      Frontend Developer
                    </label>
                  </div>
                  <div>
                    <input
                      id="backend"
                      type="checkbox"
                      value="backend"
                    />
                    <label
                      for="backend"
                    >
                      Backend Developer
                    </label>
                  </div>
                  <div>
                    <input
                      id="machineLearning"
                      type="checkbox"
                      value="machineLearning"
                    />
                    <label
                      for="machineLearning"
                    >
                      Machine Learning Engineer
                    </label>
                  </div>
                </div>,
                "appContext": null,
                "children": <div class="form-control"><label for="firstname">Firstname</label><input type="text" id="firstname"></div>
<div class="form-control"><label for="lastname">LastName</label><input type="text" id="lastname"></div>
<div class="form-control"><label for="description">Description</label><textarea type="text" id="description" rows="5"></textarea></div>
<div class="form-control"><label for="rate">Hourly Rate</label><input type="number" id="rate"></div>
<div class="form-control">
  <h3>Areas of Expertise</h3>
  <div><input type="checkbox" id="frontend" value="frontend"><label for="frontend">Frontend Developer</label></div>
  <div><input type="checkbox" id="backend" value="backend"><label for="backend">Backend Developer</label></div>
  <div><input type="checkbox" id="machineLearning" value="machineLearning"><label for="machineLearning">Machine Learning Engineer</label></div>
</div>,
                "component": null,
                "dirs": null,
                "dynamicChildren": null,
                "dynamicProps": null,
                "el": <div
                  class="form-control"
                >
                  <label
                    for="firstname"
                  >
                    Firstname
                  </label>
                  <input
                    id="firstname"
                    type="text"
                  />
                </div>,
                "key": null,
                "patchFlag": 0,
                "props": null,
                "ref": null,
                "scopeId": null,
                "shapeFlag": 8,
                "slotScopeIds": null,
                "ssContent": null,
                "ssFallback": null,
                "staticCount": 5,
                "suspense": null,
                "target": null,
                "targetAnchor": null,
                "transition": null,
                "type": Symbol(Static),
              },
              Object {
                "__v_isVNode": true,
                "__v_skip": true,
                "anchor": null,
                "appContext": null,
                "children": Array [
                  Object {
                    "__v_isVNode": true,
                    "__v_skip": true,
                    "anchor": null,
                    "appContext": null,
                    "children": "Register",
                    "component": null,
                    "dirs": null,
                    "dynamicChildren": null,
                    "dynamicProps": null,
                    "el": Register,
                    "key": null,
                    "patchFlag": 0,
                    "props": null,
                    "ref": null,
                    "scopeId": null,
                    "shapeFlag": 8,
                    "slotScopeIds": null,
                    "ssContent": null,
                    "ssFallback": null,
                    "staticCount": 0,
                    "suspense": null,
                    "target": null,
                    "targetAnchor": null,
                    "transition": null,
                    "type": Symbol(Text),
                  },
                ],
                "component": null,
                "dirs": null,
                "dynamicChildren": null,
                "dynamicProps": null,
                "el": <base-button>
                  Register
                </base-button>,
                "key": null,
                "patchFlag": 0,
                "props": null,
                "ref": null,
                "scopeId": null,
                "shapeFlag": 17,
                "slotScopeIds": null,
                "ssContent": null,
                "ssFallback": null,
                "staticCount": 0,
                "suspense": null,
                "target": null,
                "targetAnchor": null,
                "transition": null,
                "type": "base-button",
              },
            ],
            "component": null,
            "dirs": null,
            "dynamicChildren": Array [],
            "dynamicProps": null,
            "el": <form
              action=""
            >
              <div
                class="form-control"
              >
                <label
                  for="firstname"
                >
                  Firstname
                </label>
                <input
                  id="firstname"
                  type="text"
                />
              </div>
              <div
                class="form-control"
              >
                <label
                  for="lastname"
                >
                  LastName
                </label>
                <input
                  id="lastname"
                  type="text"
                />
              </div>
              <div
                class="form-control"
              >
                <label
                  for="description"
                >
                  Description
                </label>
                <textarea
                  id="description"
                  rows="5"
                  type="text"
                />
              </div>
              <div
                class="form-control"
              >
                <label
                  for="rate"
                >
                  Hourly Rate
                </label>
                <input
                  id="rate"
                  type="number"
                />
              </div>
              <div
                class="form-control"
              >
                <h3>
                  Areas of Expertise
                </h3>
                <div>
                  <input
                    id="frontend"
                    type="checkbox"
                    value="frontend"
                  />
                  <label
                    for="frontend"
                  >
                    Frontend Developer
                  </label>
                </div>
                <div>
                  <input
                    id="backend"
                    type="checkbox"
                    value="backend"
                  />
                  <label
                    for="backend"
                  >
                    Backend Developer
                  </label>
                </div>
                <div>
                  <input
                    id="machineLearning"
                    type="checkbox"
                    value="machineLearning"
                  />
                  <label
                    for="machineLearning"
                  >
                    Machine Learning Engineer
                  </label>
                </div>
              </div>
              <base-button>
                Register
              </base-button>
            </form>,
            "key": null,
            "patchFlag": 0,
            "props": Object {
              "action": "",
            },
            "ref": null,
            "scopeId": null,
            "shapeFlag": 17,
            "slotScopeIds": null,
            "ssContent": null,
            "ssFallback": null,
            "staticCount": 0,
            "suspense": null,
            "target": null,
            "targetAnchor": null,
            "transition": null,
            "type": "form",
          },
          "suspense": null,
          "suspenseId": 0,
          "type": Object {
            "components": Object {},
            "render": [Function],
          },
          "u": null,
          "uid": 1,
          "um": null,
          "update": [Function],
          "vnode": [Circular],
          "withProxy": null,
        },
        "dirs": null,
        "dynamicChildren": null,
        "dynamicProps": null,
        "el": <form
          action=""
        >
          <div
            class="form-control"
          >
            <label
              for="firstname"
            >
              Firstname
            </label>
            <input
              id="firstname"
              type="text"
            />
          </div>
          <div
            class="form-control"
          >
            <label
              for="lastname"
            >
              LastName
            </label>
            <input
              id="lastname"
              type="text"
            />
          </div>
          <div
            class="form-control"
          >
            <label
              for="description"
            >
              Description
            </label>
            <textarea
              id="description"
              rows="5"
              type="text"
            />
          </div>
          <div
            class="form-control"
          >
            <label
              for="rate"
            >
              Hourly Rate
            </label>
            <input
              id="rate"
              type="number"
            />
          </div>
          <div
            class="form-control"
          >
            <h3>
              Areas of Expertise
            </h3>
            <div>
              <input
                id="frontend"
                type="checkbox"
                value="frontend"
              />
              <label
                for="frontend"
              >
                Frontend Developer
              </label>
            </div>
            <div>
              <input
                id="backend"
                type="checkbox"
                value="backend"
              />
              <label
                for="backend"
              >
                Backend Developer
              </label>
            </div>
            <div>
              <input
                id="machineLearning"
                type="checkbox"
                value="machineLearning"
              />
              <label
                for="machineLearning"
              >
                Machine Learning Engineer
              </label>
            </div>
          </div>
          <base-button>
            Register
          </base-button>
        </form>,
        "key": null,
        "patchFlag": 0,
        "props": Object {
          "ref": "VTU_COMPONENT",
        },
        "ref": Object {
          "f": false,
          "i": [Circular],
          "k": undefined,
          "r": "VTU_COMPONENT",
        },
        "scopeId": null,
        "shapeFlag": 4,
        "slotScopeIds": null,
        "ssContent": null,
        "ssFallback": null,
        "staticCount": 0,
        "suspense": null,
        "target": null,
        "targetAnchor": null,
        "transition": null,
        "type": Object {
          "components": Object {},
          "render": [Function],
        },
      },
      "suspense": null,
      "suspenseId": 0,
      "type": Object {
        "name": "VTU_ROOT",
        "render": [Function],
      },
      "u": null,
      "uid": 0,
      "um": null,
      "update": [Function],
      "vnode": Object {
        "__v_isVNode": true,
        "__v_skip": true,
        "anchor": null,
        "appContext": Object {
          "app": [Circular],
          "components": Object {
            "transition": Object {
              "name": "transition",
            },
            "transition-group": Object {
              "name": "transition-group",
            },
          },
          "config": Object {
            "compilerOptions": Object {},
            "errorHandler": undefined,
            "globalProperties": Object {},
            "isNativeTag": [Function],
            "optionMergeStrategies": Object {},
            "performance": false,
            "warnHandler": undefined,
          },
          "directives": Object {},
          "emitsCache": WeakMap {},
          "mixins": Array [
            Object {
              "beforeCreate": [Function],
            },
          ],
          "optionsCache": WeakMap {},
          "propsCache": WeakMap {},
          "provides": Object {},
          "reload": [Function],
        },
        "children": null,
        "component": [Circular],
        "dirs": null,
        "dynamicChildren": null,
        "dynamicProps": null,
        "el": <form
          action=""
        >
          <div
            class="form-control"
          >
            <label
              for="firstname"
            >
              Firstname
            </label>
            <input
              id="firstname"
              type="text"
            />
          </div>
          <div
            class="form-control"
          >
            <label
              for="lastname"
            >
              LastName
            </label>
            <input
              id="lastname"
              type="text"
            />
          </div>
          <div
            class="form-control"
          >
            <label
              for="description"
            >
              Description
            </label>
            <textarea
              id="description"
              rows="5"
              type="text"
            />
          </div>
          <div
            class="form-control"
          >
            <label
              for="rate"
            >
              Hourly Rate
            </label>
            <input
              id="rate"
              type="number"
            />
          </div>
          <div
            class="form-control"
          >
            <h3>
              Areas of Expertise
            </h3>
            <div>
              <input
                id="frontend"
                type="checkbox"
                value="frontend"
              />
              <label
                for="frontend"
              >
                Frontend Developer
              </label>
            </div>
            <div>
              <input
                id="backend"
                type="checkbox"
                value="backend"
              />
              <label
                for="backend"
              >
                Backend Developer
              </label>
            </div>
            <div>
              <input
                id="machineLearning"
                type="checkbox"
                value="machineLearning"
              />
              <label
                for="machineLearning"
              >
                Machine Learning Engineer
              </label>
            </div>
          </div>
          <base-button>
            Register
          </base-button>
        </form>,
        "key": null,
        "patchFlag": 0,
        "props": null,
        "ref": null,
        "scopeId": null,
        "shapeFlag": 4,
        "slotScopeIds": null,
        "ssContent": null,
        "ssFallback": null,
        "staticCount": 0,
        "suspense": null,
        "target": null,
        "targetAnchor": null,
        "transition": null,
        "type": Object {
          "name": "VTU_ROOT",
          "render": [Function],
        },
      },
      "withProxy": null,
    },
    "_props": null,
    "_uid": 0,
    "component": [Function],
    "config": Object {
      "compilerOptions": Object {},
      "errorHandler": undefined,
      "globalProperties": Object {},
      "isNativeTag": [Function],
      "optionMergeStrategies": Object {},
      "performance": false,
      "warnHandler": undefined,
    },
    "directive": [Function],
    "mixin": [Function],
    "mount": [Function],
    "provide": [Function],
    "unmount": [Function],
    "use": [Function],
    "version": "3.2.30",
  },
  "__setProps": [Function],
  "componentVM": Object {
    "hasOwnProperty": [Function],
  },
  "isDisabled": [Function],
  "rootVM": Object {},
  "wrapperElement": <form
    action=""
  >
    <div
      class="form-control"
    >
      <label
        for="firstname"
      >
        Firstname
      </label>
      <input
        id="firstname"
        type="text"
      />
    </div>
    <div
      class="form-control"
    >
      <label
        for="lastname"
      >
        LastName
      </label>
      <input
        id="lastname"
        type="text"
      />
    </div>
    <div
      class="form-control"
    >
      <label
        for="description"
      >
        Description
      </label>
      <textarea
        id="description"
        rows="5"
        type="text"
      />
    </div>
    <div
      class="form-control"
    >
      <label
        for="rate"
      >
        Hourly Rate
      </label>
      <input
        id="rate"
        type="number"
      />
    </div>
    <div
      class="form-control"
    >
      <h3>
        Areas of Expertise
      </h3>
      <div>
        <input
          id="frontend"
          type="checkbox"
          value="frontend"
        />
        <label
          for="frontend"
        >
          Frontend Developer
        </label>
      </div>
      <div>
        <input
          id="backend"
          type="checkbox"
          value="backend"
        />
        <label
          for="backend"
        >
          Backend Developer
        </label>
      </div>
      <div>
        <input
          id="machineLearning"
          type="checkbox"
          value="machineLearning"
        />
        <label
          for="machineLearning"
        >
          Machine Learning Engineer
        </label>
      </div>
    </div>
    <base-button>
      Register
    </base-button>
  </form>,
}
`;
